13:34:52 **** Incremental Build of configuration Debug for project stm32fxx_drivers ****
make -j8 all 
arm-none-eabi-size   stm32fxx_drivers.elf 
   text	   data	    bss	    dec	    hex	filename
   3504	     64	   1584	   5152	   1420	stm32fxx_drivers.elf
Finished building: default.size.stdout
 
13:35:00 **** Incremental Build of configuration Debug for project stm32fxx_drivers ****
make -j8 all 
arm-none-eabi-size   stm32fxx_drivers.elf 
   text	   data	    bss	    dec	    hex	filename
   3504	     64	   1584	   5152	   1420	stm32fxx_drivers.elf
Finished building: default.size.stdout
 
13:36:36 **** Incremental Build of configuration Debug for project stm32fxx_drivers ****
make -j8 all 
arm-none-eabi-size   stm32fxx_drivers.elf 
   text	   data	    bss	    dec	    hex	filename
   3504	     64	   1584	   5152	   1420	stm32fxx_drivers.elf
Finished building: default.size.stdout
 
